ServiceAController	DependsOn	__di__EventBusClient	none	none
ServiceAController	UsesDecorator	ServiceAController::@Controller	none	none
ServiceAController.constructor	UsesDecorator	ServiceAController.constructor::@Controller	none	none
ServiceAController.handleOrderCreated	Consumes	__event__kafka__order.created	none	none
ServiceAController.handleOrderCreated	UsesDecorator	ServiceAController.handleOrderCreated::@Controller	none	none
ServiceAController.handleOrderCreated	UsesDecorator	ServiceAController.handleOrderCreated::@MessagePattern	none	none
ServiceAController.handleOrderCreated	UsesEventFrom	__event__kafka__order.created	none	none
ServiceAController.listOrders	ProducesEventFor	__event__kafka__order.created	none	none
ServiceAController.listOrders	Publishes	__event__kafka__order.created	none	none
ServiceAController.listOrders	Serves	__route__GET__/orders	none	none
ServiceAController.listOrders	UsesDecorator	ServiceAController.listOrders::@Controller	none	none
ServiceAController.listOrders	UsesDecorator	ServiceAController.listOrders::@Get	none	none
backend_standard::package.json	Defines	backend_standard::__repo__	none	none
backend_standard::src/controller.ts	Defines	ServiceAController	none	none
backend_standard::src/controller.ts	Defines	ServiceAController.constructor	none	none
backend_standard::src/controller.ts	Defines	ServiceAController.handleOrderCreated	none	none
backend_standard::src/controller.ts	Defines	ServiceAController.listOrders	none	none
backend_standard::src/controller.ts	Defines	module::backend_standard::src/controller.ts	none	none
backend_standard::src/controller.ts	Defines	src/controller.ts::Controller	none	none
backend_standard::src/controller.ts	Defines	src/controller.ts::Get	none	none
backend_standard::src/controller.ts	Defines	src/controller.ts::MessagePattern	none	none
backend_standard::src/controller.ts	Imports	module-import::@nestjs/common	none	none
backend_standard::src/controller.ts	Imports	module-import::@nestjs/microservices	none	none
frontend_standard::package.json	Defines	frontend_standard::__repo__	none	none
frontend_standard::src/OrderList.test.tsx	Defines	module::frontend_standard::src/OrderList.test.tsx	none	none
frontend_standard::src/OrderList.test.tsx	Defines	src/OrderList.test.tsx::OrderList	none	none
frontend_standard::src/OrderList.test.tsx	Imports	module-import::./OrderList	none	none
frontend_standard::src/OrderList.tsx	Defines	OrderList	none	none
frontend_standard::src/OrderList.tsx	Defines	module::frontend_standard::src/OrderList.tsx	none	none
module::backend_standard::src/controller.ts	Exports	ServiceAController	none	none
module::backend_standard::src/controller.ts	Exports	ServiceAController.constructor	none	none
module::backend_standard::src/controller.ts	Exports	ServiceAController.handleOrderCreated	none	none
module::backend_standard::src/controller.ts	Exports	ServiceAController.listOrders	none	none
module::frontend_standard::src/OrderList.tsx	Exports	OrderList	none	none